Microchip MPLAB XC8 Compiler V2.20

Linker command line:

-W-3 --edf=C:\Program Files\Microchip\xc8\v2.20\pic\dat\en_msgs.txt -cn \
  -h+dist/default/production\IR_PIC12.X.production.sym \
  --cmf=dist/default/production\IR_PIC12.X.production.cmf -z -Q12F675 \
  -oC:\Users\hp\AppData\Local\Temp\s6kc.2 --defsym=__MPLAB_BUILD=1 \
  -Mdist/default/production/IR_PIC12.X.production.map -E1 -ver=XC8 Compiler \
  --acfsm=1493 -ASTACK=03Eh-05Dh -pstack=STACK -ACODE=00h-03FEh \
  -ASTRCODE=00h-03FEh -ASTRING=00h-0FFhx3,0300h-03FEh \
  -ACONST=00h-0FFhx3,0300h-03FEh -AENTRY=00h-0FFhx3,0300h-03FEh \
  -ABANK0=020h-05Dh -ARAM=020h-05Dh -AABS1=020h-05Fh -ACOMMON=05Eh-05Fh \
  -ASFR0=00h-01Fh -ASFR1=080h-0DDh -ACONFIG=02007h-02007h -DCONFIG=2 \
  -AIDLOC=02000h-02003h -DIDLOC=2 \
  -preset_vec=00h,intentry=04h,init,end_init -ppowerup=CODE -pcinit=CODE \
  -pfunctab=ENTRY -AEEDATA=00h-07Fh/02100h -peeprom_data=EEDATA -DEEDATA=2 \
  -posccal=03FFh -DCODE=2 -DSTRCODE=2 -DSTRING=2 -DCONST=2 -DENTRY=2 -k \
  C:\Users\hp\AppData\Local\Temp\s6kc.o \
  dist/default/production\IR_PIC12.X.production.o 

Object code version is 3.11

Machine type is 12F675



                Name                               Link     Load   Length Selector   Space Scale
C:\Users\hp\AppData\Local\Temp\s6kc.o
                end_init                              F        F        1        8       0
                reset_vec                             0        0        1        0       0
                config                             2007     2007        1        0       4
dist/default/production\IR_PIC12.X.production.o
                cinit                                10       10        9        8       0
                intentry                              4        4        B        8       0
                config                             2007     2007        1        0       4
                text1                                19       19       FD        8       0
                maintext                            116      116       57        8       0
                cstackBANK0                          20       20       10       20       1
                clrtext                             16D      16D        8        8       0
                bssBANK0                             30       30        D       20       1
                bitbssBANK0                         1E8       3D        1       20       1     8

TOTAL           Name                               Link     Load   Length     Space
        CLASS   STACK          

        CLASS   CODE           
                end_init                              F        F        1         0
                cinit                                10       10        9         0
                intentry                              4        4        B         0
                reset_vec                             0        0        1         0
                text1                                19       19       FD         0
                maintext                            116      116       57         0
                clrtext                             16D      16D        8         0

        CLASS   STRCODE        

        CLASS   STRING         

        CLASS   CONST          

        CLASS   ENTRY          

        CLASS   BANK0          
                cstackBANK0                          20       20       10         1
                bssBANK0                             30       30        D         1
                bitbssBANK0                         1E8       3D        1         1

        CLASS   RAM            

        CLASS   ABS1           
                abs_s1                               5E       5E        2         1

        CLASS   COMMON         

        CLASS   SFR0           

        CLASS   SFR1           

        CLASS   CONFIG         
                config                             2007     2007        1         4

        CLASS   IDLOC          

        CLASS   EEDATA         

        CLASS   BANK1          



SEGMENTS        Name                           Load    Length   Top    Selector   Space  Class     Delta

                reset_vec                      000000  000001  000001         0       0  CODE        2
                intentry                       000004  000171  000175         8       0  CODE        2
                cstackBANK0                    000020  00001E  00003E        20       1  BANK0       1


UNUSED ADDRESS RANGES

        Name                Unused          Largest block    Delta
        BANK0            003E-005D             20           1
        CODE             0001-0003              3           2
                         0175-03FE            28A
        CONST            0001-0003              3           2
                         0175-03FE            100
        EEDATA           2100-217F             80           2
        ENTRY            0001-0003              3           2
                         0175-03FE            100
        IDLOC            2000-2003              4           2
        RAM              003E-005D             20           1
        SFR0             0000-001F             20           1
        SFR1             0080-00DD             5E           1
        STACK            003E-005D             20           1
        STRCODE          0001-0003              3           2
                         0175-03FE            28A
        STRING           0001-0003              3           2
                         0175-03FE            100

                                  Symbol Table

_ANSEL                   (abs)       009F
_EXT                     text1       0019
_GP2                     (abs)       002A
_GP4                     (abs)       002C
_GP5                     (abs)       002D
_GPIE                    (abs)       005B
_GPIF                    (abs)       0058
_INTCON                  (abs)       000B
_IOC2                    (abs)       04B2
_T1CON                   (abs)       0010
_TMR1H                   (abs)       000F
_TMR1IE                  (abs)       0460
_TMR1IF                  (abs)       0060
_TMR1L                   (abs)       000E
_TMR1ON                  (abs)       0080
_TRISIO4                 (abs)       042C
_TRISIO5                 (abs)       042D
__BbitbssBANK0           bitbssBANK0 07FE
__Habs1                  abs1        07FE
__Hbank0                 bank0       07FE
__Hbank1                 bank1       07FE
__HbitbssBANK0           bitbssBANK0 3FF0
__HbssBANK0              bssBANK0    07FE
__Hcinit                 cinit       0019
__Hclrtext               clrtext     07FE
__Hcode                  code        07FE
__Hcommon                common      07FE
__Hconfig                config      2008
__HcstackBANK0           cstackBANK0 07FE
__Heeprom_data           eeprom_data 0000
__Hend_init              end_init    0010
__Hfunctab               functab     0000
__Hinit                  init        000F
__Hintentry              intentry    000F
__Hmaintext              maintext    07FE
__Hosccal                osccal      03FF
__Hpowerup               powerup     0000
__Hram                   ram         07FE
__Hreset_vec             reset_vec   0001
__Hsfr0                  sfr0        07FE
__Hsfr1                  sfr1        07FE
__Hspace_0               (abs)       3FF0
__Hspace_1               (abs)       07FE
__Hspace_2               (abs)       0000
__Hspace_3               (abs)       0000
__Hspace_4               (abs)       400F
__Hstack                 stack       0000
__Hstrings               strings     07FE
__Htext                  text        07FE
__Labs1                  abs1        07FE
__Lbank0                 bank0       07FE
__Lbank1                 bank1       07FE
__LbitbssBANK0           bitbssBANK0 3FF0
__LbssBANK0              bssBANK0    07FE
__Lcinit                 cinit       0010
__Lclrtext               clrtext     07FE
__Lcode                  code        07FE
__Lcommon                common      07FE
__Lconfig                config      0000
__LcstackBANK0           cstackBANK0 07FE
__Leeprom_data           eeprom_data 0000
__Lend_init              end_init    000F
__Lfunctab               functab     0000
__Linit                  init        000F
__Lintentry              intentry    0004
__Lmaintext              maintext    07FE
__Losccal                osccal      03FF
__Lpowerup               powerup     0000
__Lram                   ram         07FE
__Lreset_vec             reset_vec   0000
__Lsfr0                  sfr0        07FE
__Lsfr1                  sfr1        07FE
__Lspace_0               (abs)       0000
__Lspace_1               (abs)       0000
__Lspace_2               (abs)       0000
__Lspace_3               (abs)       0000
__Lspace_4               (abs)       0000
__Lstack                 stack       0000
__Lstrings               strings     07FE
__Ltext                  text        07FE
__S0                     (abs)       0175
__S1                     (abs)       003E
__S2                     (abs)       0000
__S3                     (abs)       0000
___int_sp                stack       0000
___latbits               (abs)       0000
___osccal_val            osccal      03FF
___sp                    stack       0000
___stackhi               (abs)       0000
___stacklo               (abs)       0000
__end_of_EXT             text1       0116
__end_of__initialization cinit       0017
__end_of_main            maintext    016D
__initialization         cinit       0010
__pbitbssBANK0           bitbssBANK0 01E8
__pbssBANK0              bssBANK0    0030
__pcstackBANK0           cstackBANK0 0020
__pintentry              intentry    0004
__pmaintext              maintext    0116
__ptext1                 text1       0019
__size_of_EXT            (abs)       0000
__size_of_main           (abs)       0000
_bit_n                   bssBANK0    003B
_main                    maintext    0116
_nec_code                bssBANK0    0035
_nec_ok                  bitbssBANK0 01E8
_nec_state               bssBANK0    003C
_timer_value             bssBANK0    0039
btemp                    (abs)       005E
clear_ram0               clrtext     016D
end_of_initialization    cinit       0017
interrupt_function       intentry    0004
intlevel0                functab     0000
intlevel1                functab     0000
intlevel2                functab     0000
intlevel3                functab     0000
intlevel4                functab     0000
intlevel5                functab     0000
main@command             cstackBANK0 002F
reset_vec                reset_vec   0000
saved_w                  (abs)       005E
start                    init        000F
start_initialization     cinit       0010
wtemp0                   (abs)       005E


FUNCTION INFORMATION:

 *************** function _main *****************
 Defined at:
		line 120 in file "IR_PIC12.c"
 Parameters:    Size  Location     Type
		None
 Auto vars:     Size  Location     Type
  address         2    0        unsigned int 
  command         1   15[BANK0 ] unsigned char 
  inv_command     1    0        unsigned char 
 Return value:  Size  Location     Type
                  1    wreg      void 
 Registers used:
		wreg, fsr0l, fsr0h, status,2, status,0, btemp+1
 Tracked objects:
		On entry : 
		On exit  : 
		Unchanged: 
 Data sizes:     COMMON   BANK0
      Params:         0       0
      Locals:         0       4
      Temps:          0       4
      Totals:         0       8
Total ram usage:        8 bytes
 Hardware stack levels required when called:    1
 This function calls:
		Nothing
 This function is called by:
		Startup code after reset
 This function uses a non-reentrant model


 *************** function _EXT *****************
 Defined at:
		line 23 in file "IR_PIC12.c"
 Parameters:    Size  Location     Type
		None
 Auto vars:     Size  Location     Type
		None
 Return value:  Size  Location     Type
                  1    wreg      void 
 Registers used:
		wreg, fsr0l, fsr0h, status,2, status,0, btemp+1
 Tracked objects:
		On entry : 
		On exit  : 
		Unchanged: 
 Data sizes:     COMMON   BANK0
      Params:         0       0
      Locals:         0       0
      Temps:          0       8
      Totals:         0       8
Total ram usage:        8 bytes
 Hardware stack levels used:    1
 This function calls:
		Nothing
 This function is called by:
		Interrupt level 1
 This function uses a non-reentrant model



MODULE INFORMATION

Module		Function		Class		Link	Load	Size
IR_PIC12.c
		_main          		CODE           	0116	0000	88
		_EXT           		CODE           	0019	0000	254

IR_PIC12.c estimated size: 342

shared
		__initialization		CODE           	0010	0000	8

shared estimated size: 8

