Microchip MPLAB XC8 Compiler V2.20

Linker command line:

-W-3 --edf=C:\Program Files\Microchip\xc8\v2.20\pic\dat\en_msgs.txt -cn \
  -h+dist/default/debug\OKaycode.X.debug.sym \
  --cmf=dist/default/debug\OKaycode.X.debug.cmf -z -Q16F676 \
  -oC:\Users\hp\AppData\Local\Temp\sgak.2 --defsym=__MPLAB_BUILD=1 \
  -Mdist/default/debug/OKaycode.X.debug.map -E1 -ver=XC8 Compiler \
  --acfsm=1493 -ASTACK=039h-05Dh -pstack=STACK -ACODE=00h-03FEh \
  -ASTRCODE=00h-03FEh -ASTRING=00h-0FFhx3,0300h-03FEh \
  -ACONST=00h-0FFhx3,0300h-03FEh -AENTRY=00h-0FFhx3,0300h-03FEh \
  -ABANK0=020h-05Dh -ARAM=020h-05Dh -AABS1=020h-05Fh -ACOMMON=05Eh-05Fh \
  -ASFR0=00h-01Fh -ASFR1=080h-0DDh -ACONFIG=02007h-02007h -DCONFIG=2 \
  -AIDLOC=02000h-02003h -DIDLOC=2 \
  -preset_vec=00h,intentry=04h,init,end_init -ppowerup=CODE -pcinit=CODE \
  -pfunctab=ENTRY -AEEDATA=00h-07Fh/02100h -peeprom_data=EEDATA -DEEDATA=2 \
  -posccal=03FFh -DCODE=2 -DSTRCODE=2 -DSTRING=2 -DCONST=2 -DENTRY=2 -k \
  C:\Users\hp\AppData\Local\Temp\sgak.o \
  dist/default/debug\OKaycode.X.debug.o 

Object code version is 3.11

Machine type is 16F676



                Name                               Link     Load   Length Selector   Space Scale
C:\Users\hp\AppData\Local\Temp\sgak.o
                end_init                              F        F        1        8       0
                reset_vec                             0        0        1        0       0
                config                             2007     2007        1        0       4
dist/default/debug\OKaycode.X.debug.o
                cinit                                10       10        9        8       0
                intentry                              4        4        B        8       0
                config                             2007     2007        1        0       4
                text18                              351      351       1A        8       0
                text17                              3CA      3CA        9        8       0
                text16                              3C1      3C1        9        8       0
                text15                              29E      29E       2F        8       0
                text14                              176      176       ED        8       0
                text13                              38F      38F        E        8       0
                text12                              37D      37D       12        8       0
                text11                              31B      31B       1C        8       0
                text10                              3DB      3DB        7        8       0
                text9                               3B8      3B8        9        8       0
                text8                               3AF      3AF        9        8       0
                text7                               337      337       1A        8       0
                text6                               3A6      3A6        9        8       0
                text5                               39D      39D        9        8       0
                text4                               263      263       3B        8       0
                text3                               2CD      2CD       2B        8       0
                text2                               2F8      2F8       23        8       0
                text1                               36B      36B       12        8       0
                maintext                             19       19      15D        8       0
                cstackBANK0                          2D       2D        A       20       1
                clrtext                             3D3      3D3        8        8       0
                bssBANK0                             20       20        D       20       1
                bitbssBANK0                         1B8       37        8       20       1     8
                nvBANK0                              38       38        1       20       1

TOTAL           Name                               Link     Load   Length     Space
        CLASS   STACK          

        CLASS   CODE           
                end_init                              F        F        1         0
                cinit                                10       10        9         0
                intentry                              4        4        B         0
                reset_vec                             0        0        1         0
                text18                              351      351       1A         0
                text17                              3CA      3CA        9         0
                text16                              3C1      3C1        9         0
                text15                              29E      29E       2F         0
                text14                              176      176       ED         0
                text13                              38F      38F        E         0
                text12                              37D      37D       12         0
                text11                              31B      31B       1C         0
                text10                              3DB      3DB        7         0
                text9                               3B8      3B8        9         0
                text8                               3AF      3AF        9         0
                text7                               337      337       1A         0
                text6                               3A6      3A6        9         0
                text5                               39D      39D        9         0
                text4                               263      263       3B         0
                text3                               2CD      2CD       2B         0
                text2                               2F8      2F8       23         0
                text1                               36B      36B       12         0
                maintext                             19       19      15D         0
                clrtext                             3D3      3D3        8         0

        CLASS   STRCODE        

        CLASS   STRING         

        CLASS   CONST          

        CLASS   ENTRY          

        CLASS   BANK0          
                cstackBANK0                          2D       2D        A         1
                bssBANK0                             20       20        D         1
                bitbssBANK0                         1B8       37        8         1
                nvBANK0                              38       38        1         1

        CLASS   RAM            

        CLASS   ABS1           
                abs_s1                               5E       5E        2         1

        CLASS   COMMON         

        CLASS   SFR0           

        CLASS   SFR1           

        CLASS   CONFIG         
                config                             2007     2007        1         4

        CLASS   IDLOC          

        CLASS   EEDATA         

        CLASS   BANK1          



SEGMENTS        Name                           Load    Length   Top    Selector   Space  Class     Delta

                reset_vec                      000000  000001  000001         0       0  CODE        2
                intentry                       000004  0003DE  0003E2         8       0  CODE        2
                bssBANK0                       000020  000019  000039        20       1  BANK0       1


UNUSED ADDRESS RANGES

        Name                Unused          Largest block    Delta
        BANK0            0039-005D             25           1
        CODE             0001-0003              3           2
                         03E2-03FE             1D
        CONST            0001-0003              3           2
                         03E2-03FE             1D
        EEDATA           2100-217F             80           2
        ENTRY            0001-0003              3           2
                         03E2-03FE             1D
        IDLOC            2000-2003              4           2
        RAM              0039-005D             25           1
        SFR0             0000-001F             20           1
        SFR1             0080-00DD             5E           1
        STACK            0039-005D             25           1
        STRCODE          0001-0003              3           2
                         03E2-03FE             1D
        STRING           0001-0003              3           2
                         03E2-03FE             1D

                                  Symbol Table

_ANSEL                   (abs)        0091
_CMCON                   (abs)        0019
_EEADR                   (abs)        009B
_EECON1                  (abs)        009C
_EECON1bits              (abs)        009C
_EECON2                  (abs)        009D
_EEDATA                  (abs)        009A
_EXT                     text14       0176
_G                       bitbssBANK0  01BC
_Gbut                    text12       037D
_H                       bitbssBANK0  01BF
_INTCON                  (abs)        000B
_INTCONbits              (abs)        000B
_IOCA2                   (abs)        04B2
_Init                    text11       031B
_L                       bitbssBANK0  01BD
_M                       bitbssBANK0  01BE
_OPTION_REG              (abs)        0081
_OSCCAL                  (abs)        0090
_RA0                     (abs)        0028
_RA2                     (abs)        002A
_RA3                     (abs)        002B
_RA4                     (abs)        002C
_RA5                     (abs)        002D
_RAIE                    (abs)        005B
_RAIF                    (abs)        0058
_RC0                     (abs)        0038
_RC1                     (abs)        0039
_RC2                     (abs)        003A
_RC3                     (abs)        003B
_RC4                     (abs)        003C
_RC5                     (abs)        003D
_STATUSbits              (abs)        0003
_Sbut                    text4        0263
_T0IE                    (abs)        005D
_T0IF                    (abs)        005A
_T1CON                   (abs)        0010
_TMR0                    (abs)        0001
_TMR1H                   (abs)        000F
_TMR1IE                  (abs)        0460
_TMR1IF                  (abs)        0060
_TMR1L                   (abs)        000E
_TMR1ON                  (abs)        0080
_TRISA                   (abs)        0085
_TRISC                   (abs)        0087
_WR                      (abs)        04E1
__BbitbssBANK0           bitbssBANK0  07FE
__Habs1                  abs1         07FE
__Hbank0                 bank0        07FE
__Hbank1                 bank1        07FE
__HbitbssBANK0           bitbssBANK0  3FF0
__HbssBANK0              bssBANK0     07FE
__Hcinit                 cinit        0019
__Hclrtext               clrtext      07FE
__Hcode                  code         07FE
__Hcommon                common       07FE
__Hconfig                config       2008
__HcstackBANK0           cstackBANK0  07FE
__HcstackCOMMON          cstackCOMMON 07FE
__Heeprom_data           eeprom_data  0000
__Hend_init              end_init     0010
__Hfunctab               functab      0000
__Hinit                  init         000F
__Hintentry              intentry     000F
__Hmaintext              maintext     07FE
__HnvBANK0               nvBANK0      07FE
__Hosccal                osccal       03FF
__Hpowerup               powerup      0000
__Hram                   ram          07FE
__Hreset_vec             reset_vec    0001
__Hsfr0                  sfr0         07FE
__Hsfr1                  sfr1         07FE
__Hspace_0               (abs)        3FF0
__Hspace_1               (abs)        07FE
__Hspace_2               (abs)        0000
__Hspace_3               (abs)        0000
__Hspace_4               (abs)        400F
__Hstack                 stack        0000
__Hstrings               strings      07FE
__Htext                  text         07FE
__Labs1                  abs1         07FE
__Lbank0                 bank0        07FE
__Lbank1                 bank1        07FE
__LbitbssBANK0           bitbssBANK0  3FF0
__LbssBANK0              bssBANK0     07FE
__Lcinit                 cinit        0010
__Lclrtext               clrtext      07FE
__Lcode                  code         07FE
__Lcommon                common       07FE
__Lconfig                config       0000
__LcstackBANK0           cstackBANK0  07FE
__LcstackCOMMON          cstackCOMMON 07FE
__Leeprom_data           eeprom_data  0000
__Lend_init              end_init     000F
__Lfunctab               functab      0000
__Linit                  init         000F
__Lintentry              intentry     0004
__Lmaintext              maintext     07FE
__LnvBANK0               nvBANK0      07FE
__Losccal                osccal       03FF
__Lpowerup               powerup      0000
__Lram                   ram          07FE
__Lreset_vec             reset_vec    0000
__Lsfr0                  sfr0         07FE
__Lsfr1                  sfr1         07FE
__Lspace_0               (abs)        0000
__Lspace_1               (abs)        0000
__Lspace_2               (abs)        0000
__Lspace_3               (abs)        0000
__Lspace_4               (abs)        0000
__Lstack                 stack        0000
__Lstrings               strings      07FE
__Ltext                  text         07FE
__S0                     (abs)        03E2
__S1                     (abs)        0039
__S2                     (abs)        0000
__S3                     (abs)        0000
___int_sp                stack        0000
___latbits               (abs)        0000
___osccal_val            osccal       03FF
___sp                    stack        0000
___stackhi               (abs)        0000
___stacklo               (abs)        0000
__end_of_EXT             text14       0263
__end_of_Gbut            text12       038F
__end_of_Init            text11       0337
__end_of_Sbut            text4        029E
__end_of__initialization cinit        0017
__end_of_buz             text13       039D
__end_of_high            text10       03E2
__end_of_low             text9        03C1
__end_of_main            maintext     0176
__end_of_med             text8        03B8
__end_of_off             text5        03A6
__end_of_output          text2        031B
__end_of_timer           text15       02CD
__end_of_timeroff        text6        03AF
__end_of_timeron         text1        037D
__end_of_times           text7        0351
__end_of_write           text3        02F8
__end_ofi1_off           text16       03CA
__end_ofi1_timeroff      text17       03D3
__end_ofi1_times         text18       036B
__initialization         cinit        0010
__pbitbssBANK0           bitbssBANK0  01B8
__pbssBANK0              bssBANK0     0020
__pcstackBANK0           cstackBANK0  002D
__pcstackCOMMON          cstackCOMMON 0000
__pintentry              intentry     0004
__pmaintext              maintext     0019
__pnvBANK0               nvBANK0      0038
__ptext1                 text1        036B
__ptext10                text10       03DB
__ptext11                text11       031B
__ptext12                text12       037D
__ptext13                text13       038F
__ptext14                text14       0176
__ptext15                text15       029E
__ptext16                text16       03C1
__ptext17                text17       03CA
__ptext18                text18       0351
__ptext2                 text2        02F8
__ptext3                 text3        02CD
__ptext4                 text4        0263
__ptext5                 text5        039D
__ptext6                 text6        03A6
__ptext7                 text7        0337
__ptext8                 text8        03AF
__ptext9                 text9        03B8
__size_of_EXT            (abs)        0000
__size_of_Gbut           (abs)        0000
__size_of_Init           (abs)        0000
__size_of_Sbut           (abs)        0000
__size_of_buz            (abs)        0000
__size_of_high           (abs)        0000
__size_of_low            (abs)        0000
__size_of_main           (abs)        0000
__size_of_med            (abs)        0000
__size_of_off            (abs)        0000
__size_of_output         (abs)        0000
__size_of_timer          (abs)        0000
__size_of_timeroff       (abs)        0000
__size_of_timeron        (abs)        0000
__size_of_times          (abs)        0000
__size_of_write          (abs)        0000
__size_ofi1_off          (abs)        0000
__size_ofi1_timeroff     (abs)        0000
__size_ofi1_times        (abs)        0000
_bit_n                   bssBANK0     002B
_buz                     text13       038F
_count                   bssBANK0     0020
_delays                  bssBANK0     0024
_high                    text10       03DB
_low                     text9        03B8
_main                    maintext     0019
_med                     text8        03AF
_nec_code                bssBANK0     002A
_nec_ok                  bitbssBANK0  01B8
_nec_state               bssBANK0     002C
_off                     text5        039D
_output                  text2        02F8
_select                  nvBANK0      0038
_t1                      bitbssBANK0  01BB
_t2                      bitbssBANK0  01BA
_t3                      bitbssBANK0  01B9
_timer                   text15       029E
_timer_value             bssBANK0     0028
_timeroff                text6        03A6
_timeron                 text1        036B
_times                   text7        0337
_write                   text3        02CD
btemp                    (abs)        005E
clear_ram0               clrtext      03D3
end_of_initialization    cinit        0017
i1_off                   text16       03C1
i1_timeroff              text17       03CA
i1_times                 text18       0351
interrupt_function       intentry     0004
intlevel0                functab      0000
intlevel1                functab      0000
intlevel2                functab      0000
intlevel3                functab      0000
intlevel4                functab      0000
intlevel5                functab      0000
reset_vec                reset_vec    0000
saved_w                  (abs)        005E
start                    init         000F
start_initialization     cinit        0010
wtemp0                   (abs)        005E


FUNCTION INFORMATION:

 *************** function _main *****************
 Defined at:
		line 296 in file "main.c"
 Parameters:    Size  Location     Type
		None
 Auto vars:     Size  Location     Type
		None
 Return value:  Size  Location     Type
                  1    wreg      void 
 Registers used:
		wreg, fsr0l, fsr0h, status,2, status,0, btemp+1, pclath, cstack
 Tracked objects:
		On entry : 
		On exit  : 
		Unchanged: 
 Data sizes:     COMMON   BANK0
      Params:         0       0
      Locals:         0       0
      Temps:          0       2
      Totals:         0       2
Total ram usage:        2 bytes
 Hardware stack levels required when called:    9
 This function calls:
		_Gbut
		_Init
		_Sbut
		_buz
		_high
		_low
		_med
		_off
		_output
		_timeroff
		_timeron
 This function is called by:
		Startup code after reset
 This function uses a non-reentrant model


 *************** function _timeron *****************
 Defined at:
		line 197 in file "main.c"
 Parameters:    Size  Location     Type
		None
 Auto vars:     Size  Location     Type
		None
 Return value:  Size  Location     Type
                  1    wreg      void 
 Registers used:
		wreg, status,2, status,0, pclath, cstack
 Tracked objects:
		On entry : 
		On exit  : 
		Unchanged: 
 Data sizes:     COMMON   BANK0
      Params:         0       0
      Locals:         0       0
      Temps:          0       0
      Totals:         0       0
Total ram usage:        0 bytes
 Hardware stack levels used:    1
 Hardware stack levels required when called:    6
 This function calls:
		_times
 This function is called by:
		_main
 This function uses a non-reentrant model


 *************** function _output *****************
 Defined at:
		line 288 in file "main.c"
 Parameters:    Size  Location     Type
		None
 Auto vars:     Size  Location     Type
		None
 Return value:  Size  Location     Type
                  1    wreg      void 
 Registers used:
		wreg, status,2, status,0, btemp+1, pclath, cstack
 Tracked objects:
		On entry : 
		On exit  : 
		Unchanged: 
 Data sizes:     COMMON   BANK0
      Params:         0       0
      Locals:         0       0
      Temps:          0       0
      Totals:         0       0
Total ram usage:        0 bytes
 Hardware stack levels used:    1
 Hardware stack levels required when called:    6
 This function calls:
		_write
 This function is called by:
		_main
 This function uses a non-reentrant model


 *************** function _write *****************
 Defined at:
		line 262 in file "main.c"
 Parameters:    Size  Location     Type
		None
 Auto vars:     Size  Location     Type
		None
 Return value:  Size  Location     Type
                  1    wreg      void 
 Registers used:
		wreg, status,2, status,0, btemp+1
 Tracked objects:
		On entry : 
		On exit  : 
		Unchanged: 
 Data sizes:     COMMON   BANK0
      Params:         0       0
      Locals:         0       0
      Temps:          0       0
      Totals:         0       0
Total ram usage:        0 bytes
 Hardware stack levels used:    1
 Hardware stack levels required when called:    5
 This function calls:
		Nothing
 This function is called by:
		_output
 This function uses a non-reentrant model


 *************** function _Sbut *****************
 Defined at:
		line 224 in file "main.c"
 Parameters:    Size  Location     Type
		None
 Auto vars:     Size  Location     Type
		None
 Return value:  Size  Location     Type
                  1    wreg      void 
 Registers used:
		wreg, status,2, status,0, btemp+1, pclath, cstack
 Tracked objects:
		On entry : 
		On exit  : 
		Unchanged: 
 Data sizes:     COMMON   BANK0
      Params:         0       0
      Locals:         0       0
      Temps:          0       0
      Totals:         0       0
Total ram usage:        0 bytes
 Hardware stack levels used:    1
 Hardware stack levels required when called:    8
 This function calls:
		_buz
		_high
		_low
		_med
		_off
 This function is called by:
		_main
 This function uses a non-reentrant model


 *************** function _off *****************
 Defined at:
		line 186 in file "main.c"
 Parameters:    Size  Location     Type
		None
 Auto vars:     Size  Location     Type
		None
 Return value:  Size  Location     Type
                  1    wreg      void 
 Registers used:
		status,2, status,0, pclath, cstack
 Tracked objects:
		On entry : 
		On exit  : 
		Unchanged: 
 Data sizes:     COMMON   BANK0
      Params:         0       0
      Locals:         0       0
      Temps:          0       0
      Totals:         0       0
Total ram usage:        0 bytes
 Hardware stack levels used:    1
 Hardware stack levels required when called:    7
 This function calls:
		_timeroff
 This function is called by:
		_Sbut
		_main
 This function uses a non-reentrant model


 *************** function _timeroff *****************
 Defined at:
		line 206 in file "main.c"
 Parameters:    Size  Location     Type
		None
 Auto vars:     Size  Location     Type
		None
 Return value:  Size  Location     Type
                  1    wreg      void 
 Registers used:
		status,2, status,0, pclath, cstack
 Tracked objects:
		On entry : 
		On exit  : 
		Unchanged: 
 Data sizes:     COMMON   BANK0
      Params:         0       0
      Locals:         0       0
      Temps:          0       0
      Totals:         0       0
Total ram usage:        0 bytes
 Hardware stack levels used:    1
 Hardware stack levels required when called:    6
 This function calls:
		_times
 This function is called by:
		_off
		_main
 This function uses a non-reentrant model


 *************** function _times *****************
 Defined at:
		line 216 in file "main.c"
 Parameters:    Size  Location     Type
		None
 Auto vars:     Size  Location     Type
		None
 Return value:  Size  Location     Type
                  1    wreg      void 
 Registers used:
		None
 Tracked objects:
		On entry : 
		On exit  : 
		Unchanged: 
 Data sizes:     COMMON   BANK0
      Params:         0       0
      Locals:         0       0
      Temps:          0       0
      Totals:         0       0
Total ram usage:        0 bytes
 Hardware stack levels used:    1
 Hardware stack levels required when called:    5
 This function calls:
		Nothing
 This function is called by:
		_timeron
		_timeroff
 This function uses a non-reentrant model


 *************** function _med *****************
 Defined at:
		line 167 in file "main.c"
 Parameters:    Size  Location     Type
		None
 Auto vars:     Size  Location     Type
		None
 Return value:  Size  Location     Type
                  1    wreg      void 
 Registers used:
		wreg, btemp+1
 Tracked objects:
		On entry : 
		On exit  : 
		Unchanged: 
 Data sizes:     COMMON   BANK0
      Params:         0       0
      Locals:         0       0
      Temps:          0       0
      Totals:         0       0
Total ram usage:        0 bytes
 Hardware stack levels used:    1
 Hardware stack levels required when called:    5
 This function calls:
		Nothing
 This function is called by:
		_Sbut
		_main
 This function uses a non-reentrant model


 *************** function _low *****************
 Defined at:
		line 176 in file "main.c"
 Parameters:    Size  Location     Type
		None
 Auto vars:     Size  Location     Type
		None
 Return value:  Size  Location     Type
                  1    wreg      void 
 Registers used:
		wreg, btemp+1
 Tracked objects:
		On entry : 
		On exit  : 
		Unchanged: 
 Data sizes:     COMMON   BANK0
      Params:         0       0
      Locals:         0       0
      Temps:          0       0
      Totals:         0       0
Total ram usage:        0 bytes
 Hardware stack levels used:    1
 Hardware stack levels required when called:    5
 This function calls:
		Nothing
 This function is called by:
		_Sbut
		_main
 This function uses a non-reentrant model


 *************** function _high *****************
 Defined at:
		line 158 in file "main.c"
 Parameters:    Size  Location     Type
		None
 Auto vars:     Size  Location     Type
		None
 Return value:  Size  Location     Type
                  1    wreg      void 
 Registers used:
		None
 Tracked objects:
		On entry : 
		On exit  : 
		Unchanged: 
 Data sizes:     COMMON   BANK0
      Params:         0       0
      Locals:         0       0
      Temps:          0       0
      Totals:         0       0
Total ram usage:        0 bytes
 Hardware stack levels used:    1
 Hardware stack levels required when called:    5
 This function calls:
		Nothing
 This function is called by:
		_Sbut
		_main
 This function uses a non-reentrant model


 *************** function _Init *****************
 Defined at:
		line 271 in file "main.c"
 Parameters:    Size  Location     Type
		None
 Auto vars:     Size  Location     Type
		None
 Return value:  Size  Location     Type
                  1    wreg      void 
 Registers used:
		wreg, status,2
 Tracked objects:
		On entry : 
		On exit  : 
		Unchanged: 
 Data sizes:     COMMON   BANK0
      Params:         0       0
      Locals:         0       0
      Temps:          0       0
      Totals:         0       0
Total ram usage:        0 bytes
 Hardware stack levels used:    1
 Hardware stack levels required when called:    5
 This function calls:
		Nothing
 This function is called by:
		_main
 This function uses a non-reentrant model


 *************** function _Gbut *****************
 Defined at:
		line 248 in file "main.c"
 Parameters:    Size  Location     Type
		None
 Auto vars:     Size  Location     Type
		None
 Return value:  Size  Location     Type
                  1    wreg      void 
 Registers used:
		wreg, status,2, status,0, pclath, cstack
 Tracked objects:
		On entry : 
		On exit  : 
		Unchanged: 
 Data sizes:     COMMON   BANK0
      Params:         0       0
      Locals:         0       0
      Temps:          0       0
      Totals:         0       0
Total ram usage:        0 bytes
 Hardware stack levels used:    1
 Hardware stack levels required when called:    6
 This function calls:
		_buz
 This function is called by:
		_main
 This function uses a non-reentrant model


 *************** function _buz *****************
 Defined at:
		line 150 in file "main.c"
 Parameters:    Size  Location     Type
		None
 Auto vars:     Size  Location     Type
		None
 Return value:  Size  Location     Type
                  1    wreg      void 
 Registers used:
		wreg
 Tracked objects:
		On entry : 
		On exit  : 
		Unchanged: 
 Data sizes:     COMMON   BANK0
      Params:         0       0
      Locals:         0       0
      Temps:          0       2
      Totals:         0       2
Total ram usage:        2 bytes
 Hardware stack levels used:    1
 Hardware stack levels required when called:    5
 This function calls:
		Nothing
 This function is called by:
		_Sbut
		_Gbut
		_main
 This function uses a non-reentrant model


 *************** function _EXT *****************
 Defined at:
		line 43 in file "main.c"
 Parameters:    Size  Location     Type
		None
 Auto vars:     Size  Location     Type
		None
 Return value:  Size  Location     Type
                  1    wreg      void 
 Registers used:
		wreg, fsr0l, fsr0h, status,2, status,0, btemp+1, pclath, cstack
 Tracked objects:
		On entry : 
		On exit  : 
		Unchanged: 
 Data sizes:     COMMON   BANK0
      Params:         0       0
      Locals:         0       0
      Temps:          0       6
      Totals:         0       6
Total ram usage:        6 bytes
 Hardware stack levels used:    1
 Hardware stack levels required when called:    4
 This function calls:
		_timer
 This function is called by:
		Interrupt level 1
 This function uses a non-reentrant model


 *************** function _timer *****************
 Defined at:
		line 30 in file "main.c"
 Parameters:    Size  Location     Type
		None
 Auto vars:     Size  Location     Type
		None
 Return value:  Size  Location     Type
                  1    wreg      void 
 Registers used:
		wreg, status,2, status,0, pclath, cstack
 Tracked objects:
		On entry : 
		On exit  : 
		Unchanged: 
 Data sizes:     COMMON   BANK0
      Params:         0       0
      Locals:         0       0
      Temps:          0       0
      Totals:         0       0
Total ram usage:        0 bytes
 Hardware stack levels used:    1
 Hardware stack levels required when called:    3
 This function calls:
		i1_off
 This function is called by:
		_EXT
 This function uses a non-reentrant model


 *************** function i1_off *****************
 Defined at:
		line 186 in file "main.c"
 Parameters:    Size  Location     Type
		None
 Auto vars:     Size  Location     Type
		None
 Return value:  Size  Location     Type
                  1    wreg      void 
 Registers used:
		status,2, status,0, pclath, cstack
 Tracked objects:
		On entry : 
		On exit  : 
		Unchanged: 
 Data sizes:     COMMON   BANK0
      Params:         0       0
      Locals:         0       0
      Temps:          0       0
      Totals:         0       0
Total ram usage:        0 bytes
 Hardware stack levels used:    1
 Hardware stack levels required when called:    2
 This function calls:
		i1_timeroff
 This function is called by:
		_timer
 This function uses a non-reentrant model


 *************** function i1_timeroff *****************
 Defined at:
		line 206 in file "main.c"
 Parameters:    Size  Location     Type
		None
 Auto vars:     Size  Location     Type
		None
 Return value:  Size  Location     Type
                  1    wreg      void 
 Registers used:
		status,2, status,0, pclath, cstack
 Tracked objects:
		On entry : 
		On exit  : 
		Unchanged: 
 Data sizes:     COMMON   BANK0
      Params:         0       0
      Locals:         0       0
      Temps:          0       0
      Totals:         0       0
Total ram usage:        0 bytes
 Hardware stack levels used:    1
 Hardware stack levels required when called:    1
 This function calls:
		i1_times
 This function is called by:
		i1_off
 This function uses a non-reentrant model


 *************** function i1_times *****************
 Defined at:
		line 216 in file "main.c"
 Parameters:    Size  Location     Type
		None
 Auto vars:     Size  Location     Type
		None
 Return value:  Size  Location     Type
                  1    wreg      void 
 Registers used:
		None
 Tracked objects:
		On entry : 
		On exit  : 
		Unchanged: 
 Data sizes:     COMMON   BANK0
      Params:         0       0
      Locals:         0       0
      Temps:          0       0
      Totals:         0       0
Total ram usage:        0 bytes
 Hardware stack levels used:    1
 This function calls:
		Nothing
 This function is called by:
		i1_timeroff
 This function uses a non-reentrant model



MODULE INFORMATION

Module		Function		Class		Link	Load	Size
shared
		i1_times       		CODE           	0351	0000	27
		__initialization		CODE           	0010	0000	8
		i1_timeroff    		CODE           	03CA	0000	10
		i1_off         		CODE           	03C1	0000	10

shared estimated size: 55

main.c
		_Sbut          		CODE           	0263	0000	60
		_main          		CODE           	0019	0000	350
		_EXT           		CODE           	0176	0000	238
		_timeron       		CODE           	036B	0000	19
		_output        		CODE           	02F8	0000	36
		_timer         		CODE           	029E	0000	48
		_write         		CODE           	02CD	0000	44
		_Init          		CODE           	031B	0000	29
		_med           		CODE           	03AF	0000	10
		_times         		CODE           	0337	0000	27
		_low           		CODE           	03B8	0000	10
		_high          		CODE           	03DB	0000	8
		_off           		CODE           	039D	0000	10
		_buz           		CODE           	038F	0000	15
		_timeroff      		CODE           	03A6	0000	10
		_Gbut          		CODE           	037D	0000	19

main.c estimated size: 933

